// Jest Snapshot v1, https://goo.gl/fbAQLP

exports[`Radio should  emit change event 1`] = `<div class="fay-radio " style="--radioSize: 16px;"><label class=" "><input type="radio" value="0"><span class="fay-radio-name"><span class="fay-radio-point  active"></span>state: 1</span></label></div>`;

exports[`Radio should be render as element 1`] = `
<div class="fay-radio " style="--radioSize: 16px;"><label class=" "><input type="radio" value="test"><span class="fay-radio-name"><span class="fay-radio-point  "></span>
    <!----></span>
  </label></div>
`;

exports[`Radio should be support different sizes 1`] = `
<div class="fay-radio " style="--radioSize: 12px;"><label class=" "><input type="radio" value="mini"><span class="fay-radio-name"><span class="fay-radio-point  "></span>
    <!----></span>
  </label></div>
<div class="fay-radio " style="--radioSize: 14px;"><label class=" "><input type="radio" value="small"><span class="fay-radio-name"><span class="fay-radio-point  "></span>
    <!----></span>
  </label></div>
<div class="fay-radio " style="--radioSize: 16px;"><label class=" "><input type="radio" value="medium"><span class="fay-radio-name"><span class="fay-radio-point  "></span>
    <!----></span>
  </label></div>
<div class="fay-radio " style="--radioSize: 18px;"><label class=" "><input type="radio" value="large"><span class="fay-radio-name"><span class="fay-radio-point  "></span>
    <!----></span>
  </label></div>
`;
