// Jest Snapshot v1, https://goo.gl/fbAQLP

exports[`BreadcrumbsItem when component have not to or href,it should render as span 1`] = `<span class="fect-braed_item"><!----> <div class="fect-bread_separator"><!----></div></span>`;
